// Jest Snapshot v1, https://goo.gl/fbAQLP

exports[`index 1`] = `
Array [
  "declareCustomElement",
  "filterNodeList",
  "focusElement",
  "getTextNodes",
  "isElement",
  "isTextNode",
  "matches",
  "parent",
  "removeNode",
  "replaceNode",
]
`;
