// Jest Snapshot v1, https://goo.gl/fbAQLP

exports[`createDOM 1`] = `<div />`;

exports[`createDOM 2`] = `
<span
  class="foobar"
  for="lala"
>
  <div
    class="baz"
  />
  <div
    class="boo"
  />
  <div>
    hi
  </div>
  sup
</span>
`;
