// Jest Snapshot v1, https://goo.gl/fbAQLP

exports[`index 1`] = `
Array [
  "__esModule",
  "getScrollParent",
  "getScrollPosition",
  "canScroll",
  "isScroller",
  "scrollElementBy",
  "scrollElementTo",
]
`;
