// Jest Snapshot v1, https://goo.gl/fbAQLP

exports[`index 1`] = `
Array [
  "TransitionEvents",
  "addEventListener",
  "getEventTarget",
  "isMultiTouch",
  "removeEventListener",
]
`;
